// Jest Snapshot v1, https://goo.gl/fbAQLP

exports[`Login matches the snapshot 1`] = `
ShallowWrapper {
  Symbol(enzyme.__root__): [Circular],
  Symbol(enzyme.__unrendered__): <Login
    history={
        Object {
            "push": [Function],
          }
    }
    storeMatches={[Function]}
    storeUser={[Function]}
    toggleLoggedIn={[Function]}
    userId={1}
/>,
  Symbol(enzyme.__renderer__): Object {
    "batchedUpdates": [Function],
    "getNode": [Function],
    "render": [Function],
    "simulateError": [Function],
    "simulateEvent": [Function],
    "unmount": [Function],
  },
  Symbol(enzyme.__node__): Object {
    "instance": null,
    "key": undefined,
    "nodeType": "host",
    "props": Object {
      "children": Array [
        <section
          className="login"
>
          <h1>
                    Login
          </h1>
          <form
                    onSubmit={[Function]}
          >
                    <input
                              className="inputField"
                              name="username"
                              onChange={[Function]}
                              placeholder="Enter Username"
                              type="text"
                              value=""
                    />
                    <input
                              className="inputField"
                              name="password"
                              onChange={[Function]}
                              placeholder="Enter Password"
                              type="password"
                              value=""
                    />
                    <button
                              className="loginButton"
                              name="submit"
                              type="submit"
                    >
                              Login
                    </button>
          </form>
</section>,
        <section
          className="sign-up"
>
          <h1>
                    Sign Up
          </h1>
          <form
                    className="sign-up-form"
                    onSubmit={[Function]}
          >
                    <input
                              className="inputField"
                              name="newUsername"
                              onChange={[Function]}
                              placeholder="Choose Username"
                              type="text"
                              value=""
                    />
                    <input
                              className="inputField"
                              name="newPassword"
                              onChange={[Function]}
                              placeholder="Choose Password"
                              type="password"
                              value=""
                    />
                    <fieldset>
                              <legend>
                                        Choose Your Role
                              </legend>
                              <p>
                                        <label
                                                  htmlFor="owner"
                                        >
                                                  <input
                                                            className="right"
                                                            id="owner"
                                                            name="role"
                                                            onChange={[Function]}
                                                            type="radio"
                                                            value="Owner"
                                                  />
                                                  <span>
                                                             Owner: 
                                                  </span>
                                        </label>
                              </p>
                              <p>
                                        <label
                                                  htmlFor="adopter"
                                        >
                                                  <input
                                                            className="right"
                                                            id="adopter"
                                                            name="role"
                                                            onChange={[Function]}
                                                            type="radio"
                                                            value="Adopter"
                                                  />
                                                  <span>
                                                             Adopter 
                                                  </span>
                                        </label>
                              </p>
                    </fieldset>
                    <input
                              className="inputField"
                              name="description"
                              onChange={[Function]}
                              placeholder="Enter Description"
                              value=""
                    />
                    <input
                              className="inputField"
                              name="pic"
                              onChange={[Function]}
                              placeholder="Enter URL to image"
                              type="url"
                              value=""
                    />
                    <button
                              className="signinButton"
                              name="submit"
                              type="submit"
                    >
                              Sign In
                    </button>
          </form>
</section>,
      ],
      "className": "login-signup-wrapper",
    },
    "ref": null,
    "rendered": Array [
      Object {
        "instance": null,
        "key": undefined,
        "nodeType": "host",
        "props": Object {
          "children": Array [
            <h1>
              Login
</h1>,
            <form
              onSubmit={[Function]}
>
              <input
                            className="inputField"
                            name="username"
                            onChange={[Function]}
                            placeholder="Enter Username"
                            type="text"
                            value=""
              />
              <input
                            className="inputField"
                            name="password"
                            onChange={[Function]}
                            placeholder="Enter Password"
                            type="password"
                            value=""
              />
              <button
                            className="loginButton"
                            name="submit"
                            type="submit"
              >
                            Login
              </button>
</form>,
          ],
          "className": "login",
        },
        "ref": null,
        "rendered": Array [
          Object {
            "instance": null,
            "key": undefined,
            "nodeType": "host",
            "props": Object {
              "children": "Login",
            },
            "ref": null,
            "rendered": "Login",
            "type": "h1",
          },
          Object {
            "instance": null,
            "key": undefined,
            "nodeType": "host",
            "props": Object {
              "children": Array [
                <input
                  className="inputField"
                  name="username"
                  onChange={[Function]}
                  placeholder="Enter Username"
                  type="text"
                  value=""
/>,
                <input
                  className="inputField"
                  name="password"
                  onChange={[Function]}
                  placeholder="Enter Password"
                  type="password"
                  value=""
/>,
                <button
                  className="loginButton"
                  name="submit"
                  type="submit"
>
                  Login
</button>,
              ],
              "onSubmit": [Function],
            },
            "ref": null,
            "rendered": Array [
              Object {
                "instance": null,
                "key": undefined,
                "nodeType": "host",
                "props": Object {
                  "className": "inputField",
                  "name": "username",
                  "onChange": [Function],
                  "placeholder": "Enter Username",
                  "type": "text",
                  "value": "",
                },
                "ref": null,
                "rendered": null,
                "type": "input",
              },
              Object {
                "instance": null,
                "key": undefined,
                "nodeType": "host",
                "props": Object {
                  "className": "inputField",
                  "name": "password",
                  "onChange": [Function],
                  "placeholder": "Enter Password",
                  "type": "password",
                  "value": "",
                },
                "ref": null,
                "rendered": null,
                "type": "input",
              },
              Object {
                "instance": null,
                "key": undefined,
                "nodeType": "host",
                "props": Object {
                  "children": "Login",
                  "className": "loginButton",
                  "name": "submit",
                  "type": "submit",
                },
                "ref": null,
                "rendered": "Login",
                "type": "button",
              },
            ],
            "type": "form",
          },
        ],
        "type": "section",
      },
      Object {
        "instance": null,
        "key": undefined,
        "nodeType": "host",
        "props": Object {
          "children": Array [
            <h1>
              Sign Up
</h1>,
            <form
              className="sign-up-form"
              onSubmit={[Function]}
>
              <input
                            className="inputField"
                            name="newUsername"
                            onChange={[Function]}
                            placeholder="Choose Username"
                            type="text"
                            value=""
              />
              <input
                            className="inputField"
                            name="newPassword"
                            onChange={[Function]}
                            placeholder="Choose Password"
                            type="password"
                            value=""
              />
              <fieldset>
                            <legend>
                                          Choose Your Role
                            </legend>
                            <p>
                                          <label
                                                        htmlFor="owner"
                                          >
                                                        <input
                                                                      className="right"
                                                                      id="owner"
                                                                      name="role"
                                                                      onChange={[Function]}
                                                                      type="radio"
                                                                      value="Owner"
                                                        />
                                                        <span>
                                                                       Owner: 
                                                        </span>
                                          </label>
                            </p>
                            <p>
                                          <label
                                                        htmlFor="adopter"
                                          >
                                                        <input
                                                                      className="right"
                                                                      id="adopter"
                                                                      name="role"
                                                                      onChange={[Function]}
                                                                      type="radio"
                                                                      value="Adopter"
                                                        />
                                                        <span>
                                                                       Adopter 
                                                        </span>
                                          </label>
                            </p>
              </fieldset>
              <input
                            className="inputField"
                            name="description"
                            onChange={[Function]}
                            placeholder="Enter Description"
                            value=""
              />
              <input
                            className="inputField"
                            name="pic"
                            onChange={[Function]}
                            placeholder="Enter URL to image"
                            type="url"
                            value=""
              />
              <button
                            className="signinButton"
                            name="submit"
                            type="submit"
              >
                            Sign In
              </button>
</form>,
          ],
          "className": "sign-up",
        },
        "ref": null,
        "rendered": Array [
          Object {
            "instance": null,
            "key": undefined,
            "nodeType": "host",
            "props": Object {
              "children": "Sign Up",
            },
            "ref": null,
            "rendered": "Sign Up",
            "type": "h1",
          },
          Object {
            "instance": null,
            "key": undefined,
            "nodeType": "host",
            "props": Object {
              "children": Array [
                <input
                  className="inputField"
                  name="newUsername"
                  onChange={[Function]}
                  placeholder="Choose Username"
                  type="text"
                  value=""
/>,
                <input
                  className="inputField"
                  name="newPassword"
                  onChange={[Function]}
                  placeholder="Choose Password"
                  type="password"
                  value=""
/>,
                <fieldset>
                  <legend>
                                    Choose Your Role
                  </legend>
                  <p>
                                    <label
                                                      htmlFor="owner"
                                    >
                                                      <input
                                                                        className="right"
                                                                        id="owner"
                                                                        name="role"
                                                                        onChange={[Function]}
                                                                        type="radio"
                                                                        value="Owner"
                                                      />
                                                      <span>
                                                                         Owner: 
                                                      </span>
                                    </label>
                  </p>
                  <p>
                                    <label
                                                      htmlFor="adopter"
                                    >
                                                      <input
                                                                        className="right"
                                                                        id="adopter"
                                                                        name="role"
                                                                        onChange={[Function]}
                                                                        type="radio"
                                                                        value="Adopter"
                                                      />
                                                      <span>
                                                                         Adopter 
                                                      </span>
                                    </label>
                  </p>
</fieldset>,
                <input
                  className="inputField"
                  name="description"
                  onChange={[Function]}
                  placeholder="Enter Description"
                  value=""
/>,
                <input
                  className="inputField"
                  name="pic"
                  onChange={[Function]}
                  placeholder="Enter URL to image"
                  type="url"
                  value=""
/>,
                <button
                  className="signinButton"
                  name="submit"
                  type="submit"
>
                  Sign In
</button>,
              ],
              "className": "sign-up-form",
              "onSubmit": [Function],
            },
            "ref": null,
            "rendered": Array [
              Object {
                "instance": null,
                "key": undefined,
                "nodeType": "host",
                "props": Object {
                  "className": "inputField",
                  "name": "newUsername",
                  "onChange": [Function],
                  "placeholder": "Choose Username",
                  "type": "text",
                  "value": "",
                },
                "ref": null,
                "rendered": null,
                "type": "input",
              },
              Object {
                "instance": null,
                "key": undefined,
                "nodeType": "host",
                "props": Object {
                  "className": "inputField",
                  "name": "newPassword",
                  "onChange": [Function],
                  "placeholder": "Choose Password",
                  "type": "password",
                  "value": "",
                },
                "ref": null,
                "rendered": null,
                "type": "input",
              },
              Object {
                "instance": null,
                "key": undefined,
                "nodeType": "host",
                "props": Object {
                  "children": Array [
                    <legend>
                      Choose Your Role
</legend>,
                    <p>
                      <label
                                            htmlFor="owner"
                      >
                                            <input
                                                                  className="right"
                                                                  id="owner"
                                                                  name="role"
                                                                  onChange={[Function]}
                                                                  type="radio"
                                                                  value="Owner"
                                            />
                                            <span>
                                                                   Owner: 
                                            </span>
                      </label>
</p>,
                    <p>
                      <label
                                            htmlFor="adopter"
                      >
                                            <input
                                                                  className="right"
                                                                  id="adopter"
                                                                  name="role"
                                                                  onChange={[Function]}
                                                                  type="radio"
                                                                  value="Adopter"
                                            />
                                            <span>
                                                                   Adopter 
                                            </span>
                      </label>
</p>,
                  ],
                },
                "ref": null,
                "rendered": Array [
                  Object {
                    "instance": null,
                    "key": undefined,
                    "nodeType": "host",
                    "props": Object {
                      "children": "Choose Your Role",
                    },
                    "ref": null,
                    "rendered": "Choose Your Role",
                    "type": "legend",
                  },
                  Object {
                    "instance": null,
                    "key": undefined,
                    "nodeType": "host",
                    "props": Object {
                      "children": <label
                        htmlFor="owner"
>
                        <input
                                                className="right"
                                                id="owner"
                                                name="role"
                                                onChange={[Function]}
                                                type="radio"
                                                value="Owner"
                        />
                        <span>
                                                 Owner: 
                        </span>
</label>,
                    },
                    "ref": null,
                    "rendered": Object {
                      "instance": null,
                      "key": undefined,
                      "nodeType": "host",
                      "props": Object {
                        "children": Array [
                          <input
                            className="right"
                            id="owner"
                            name="role"
                            onChange={[Function]}
                            type="radio"
                            value="Owner"
/>,
                          <span>
                             Owner: 
</span>,
                        ],
                        "htmlFor": "owner",
                      },
                      "ref": null,
                      "rendered": Array [
                        Object {
                          "instance": null,
                          "key": undefined,
                          "nodeType": "host",
                          "props": Object {
                            "className": "right",
                            "id": "owner",
                            "name": "role",
                            "onChange": [Function],
                            "type": "radio",
                            "value": "Owner",
                          },
                          "ref": null,
                          "rendered": null,
                          "type": "input",
                        },
                        Object {
                          "instance": null,
                          "key": undefined,
                          "nodeType": "host",
                          "props": Object {
                            "children": " Owner: ",
                          },
                          "ref": null,
                          "rendered": " Owner: ",
                          "type": "span",
                        },
                      ],
                      "type": "label",
                    },
                    "type": "p",
                  },
                  Object {
                    "instance": null,
                    "key": undefined,
                    "nodeType": "host",
                    "props": Object {
                      "children": <label
                        htmlFor="adopter"
>
                        <input
                                                className="right"
                                                id="adopter"
                                                name="role"
                                                onChange={[Function]}
                                                type="radio"
                                                value="Adopter"
                        />
                        <span>
                                                 Adopter 
                        </span>
</label>,
                    },
                    "ref": null,
                    "rendered": Object {
                      "instance": null,
                      "key": undefined,
                      "nodeType": "host",
                      "props": Object {
                        "children": Array [
                          <input
                            className="right"
                            id="adopter"
                            name="role"
                            onChange={[Function]}
                            type="radio"
                            value="Adopter"
/>,
                          <span>
                             Adopter 
</span>,
                        ],
                        "htmlFor": "adopter",
                      },
                      "ref": null,
                      "rendered": Array [
                        Object {
                          "instance": null,
                          "key": undefined,
                          "nodeType": "host",
                          "props": Object {
                            "className": "right",
                            "id": "adopter",
                            "name": "role",
                            "onChange": [Function],
                            "type": "radio",
                            "value": "Adopter",
                          },
                          "ref": null,
                          "rendered": null,
                          "type": "input",
                        },
                        Object {
                          "instance": null,
                          "key": undefined,
                          "nodeType": "host",
                          "props": Object {
                            "children": " Adopter ",
                          },
                          "ref": null,
                          "rendered": " Adopter ",
                          "type": "span",
                        },
                      ],
                      "type": "label",
                    },
                    "type": "p",
                  },
                ],
                "type": "fieldset",
              },
              Object {
                "instance": null,
                "key": undefined,
                "nodeType": "host",
                "props": Object {
                  "className": "inputField",
                  "name": "description",
                  "onChange": [Function],
                  "placeholder": "Enter Description",
                  "value": "",
                },
                "ref": null,
                "rendered": null,
                "type": "input",
              },
              Object {
                "instance": null,
                "key": undefined,
                "nodeType": "host",
                "props": Object {
                  "className": "inputField",
                  "name": "pic",
                  "onChange": [Function],
                  "placeholder": "Enter URL to image",
                  "type": "url",
                  "value": "",
                },
                "ref": null,
                "rendered": null,
                "type": "input",
              },
              Object {
                "instance": null,
                "key": undefined,
                "nodeType": "host",
                "props": Object {
                  "children": "Sign In",
                  "className": "signinButton",
                  "name": "submit",
                  "type": "submit",
                },
                "ref": null,
                "rendered": "Sign In",
                "type": "button",
              },
            ],
            "type": "form",
          },
        ],
        "type": "section",
      },
    ],
    "type": "div",
  },
  Symbol(enzyme.__nodes__): Array [
    Object {
      "instance": null,
      "key": undefined,
      "nodeType": "host",
      "props": Object {
        "children": Array [
          <section
            className="login"
>
            <h1>
                        Login
            </h1>
            <form
                        onSubmit={[Function]}
            >
                        <input
                                    className="inputField"
                                    name="username"
                                    onChange={[Function]}
                                    placeholder="Enter Username"
                                    type="text"
                                    value=""
                        />
                        <input
                                    className="inputField"
                                    name="password"
                                    onChange={[Function]}
                                    placeholder="Enter Password"
                                    type="password"
                                    value=""
                        />
                        <button
                                    className="loginButton"
                                    name="submit"
                                    type="submit"
                        >
                                    Login
                        </button>
            </form>
</section>,
          <section
            className="sign-up"
>
            <h1>
                        Sign Up
            </h1>
            <form
                        className="sign-up-form"
                        onSubmit={[Function]}
            >
                        <input
                                    className="inputField"
                                    name="newUsername"
                                    onChange={[Function]}
                                    placeholder="Choose Username"
                                    type="text"
                                    value=""
                        />
                        <input
                                    className="inputField"
                                    name="newPassword"
                                    onChange={[Function]}
                                    placeholder="Choose Password"
                                    type="password"
                                    value=""
                        />
                        <fieldset>
                                    <legend>
                                                Choose Your Role
                                    </legend>
                                    <p>
                                                <label
                                                            htmlFor="owner"
                                                >
                                                            <input
                                                                        className="right"
                                                                        id="owner"
                                                                        name="role"
                                                                        onChange={[Function]}
                                                                        type="radio"
                                                                        value="Owner"
                                                            />
                                                            <span>
                                                                         Owner: 
                                                            </span>
                                                </label>
                                    </p>
                                    <p>
                                                <label
                                                            htmlFor="adopter"
                                                >
                                                            <input
                                                                        className="right"
                                                                        id="adopter"
                                                                        name="role"
                                                                        onChange={[Function]}
                                                                        type="radio"
                                                                        value="Adopter"
                                                            />
                                                            <span>
                                                                         Adopter 
                                                            </span>
                                                </label>
                                    </p>
                        </fieldset>
                        <input
                                    className="inputField"
                                    name="description"
                                    onChange={[Function]}
                                    placeholder="Enter Description"
                                    value=""
                        />
                        <input
                                    className="inputField"
                                    name="pic"
                                    onChange={[Function]}
                                    placeholder="Enter URL to image"
                                    type="url"
                                    value=""
                        />
                        <button
                                    className="signinButton"
                                    name="submit"
                                    type="submit"
                        >
                                    Sign In
                        </button>
            </form>
</section>,
        ],
        "className": "login-signup-wrapper",
      },
      "ref": null,
      "rendered": Array [
        Object {
          "instance": null,
          "key": undefined,
          "nodeType": "host",
          "props": Object {
            "children": Array [
              <h1>
                Login
</h1>,
              <form
                onSubmit={[Function]}
>
                <input
                                className="inputField"
                                name="username"
                                onChange={[Function]}
                                placeholder="Enter Username"
                                type="text"
                                value=""
                />
                <input
                                className="inputField"
                                name="password"
                                onChange={[Function]}
                                placeholder="Enter Password"
                                type="password"
                                value=""
                />
                <button
                                className="loginButton"
                                name="submit"
                                type="submit"
                >
                                Login
                </button>
</form>,
            ],
            "className": "login",
          },
          "ref": null,
          "rendered": Array [
            Object {
              "instance": null,
              "key": undefined,
              "nodeType": "host",
              "props": Object {
                "children": "Login",
              },
              "ref": null,
              "rendered": "Login",
              "type": "h1",
            },
            Object {
              "instance": null,
              "key": undefined,
              "nodeType": "host",
              "props": Object {
                "children": Array [
                  <input
                    className="inputField"
                    name="username"
                    onChange={[Function]}
                    placeholder="Enter Username"
                    type="text"
                    value=""
/>,
                  <input
                    className="inputField"
                    name="password"
                    onChange={[Function]}
                    placeholder="Enter Password"
                    type="password"
                    value=""
/>,
                  <button
                    className="loginButton"
                    name="submit"
                    type="submit"
>
                    Login
</button>,
                ],
                "onSubmit": [Function],
              },
              "ref": null,
              "rendered": Array [
                Object {
                  "instance": null,
                  "key": undefined,
                  "nodeType": "host",
                  "props": Object {
                    "className": "inputField",
                    "name": "username",
                    "onChange": [Function],
                    "placeholder": "Enter Username",
                    "type": "text",
                    "value": "",
                  },
                  "ref": null,
                  "rendered": null,
                  "type": "input",
                },
                Object {
                  "instance": null,
                  "key": undefined,
                  "nodeType": "host",
                  "props": Object {
                    "className": "inputField",
                    "name": "password",
                    "onChange": [Function],
                    "placeholder": "Enter Password",
                    "type": "password",
                    "value": "",
                  },
                  "ref": null,
                  "rendered": null,
                  "type": "input",
                },
                Object {
                  "instance": null,
                  "key": undefined,
                  "nodeType": "host",
                  "props": Object {
                    "children": "Login",
                    "className": "loginButton",
                    "name": "submit",
                    "type": "submit",
                  },
                  "ref": null,
                  "rendered": "Login",
                  "type": "button",
                },
              ],
              "type": "form",
            },
          ],
          "type": "section",
        },
        Object {
          "instance": null,
          "key": undefined,
          "nodeType": "host",
          "props": Object {
            "children": Array [
              <h1>
                Sign Up
</h1>,
              <form
                className="sign-up-form"
                onSubmit={[Function]}
>
                <input
                                className="inputField"
                                name="newUsername"
                                onChange={[Function]}
                                placeholder="Choose Username"
                                type="text"
                                value=""
                />
                <input
                                className="inputField"
                                name="newPassword"
                                onChange={[Function]}
                                placeholder="Choose Password"
                                type="password"
                                value=""
                />
                <fieldset>
                                <legend>
                                                Choose Your Role
                                </legend>
                                <p>
                                                <label
                                                                htmlFor="owner"
                                                >
                                                                <input
                                                                                className="right"
                                                                                id="owner"
                                                                                name="role"
                                                                                onChange={[Function]}
                                                                                type="radio"
                                                                                value="Owner"
                                                                />
                                                                <span>
                                                                                 Owner: 
                                                                </span>
                                                </label>
                                </p>
                                <p>
                                                <label
                                                                htmlFor="adopter"
                                                >
                                                                <input
                                                                                className="right"
                                                                                id="adopter"
                                                                                name="role"
                                                                                onChange={[Function]}
                                                                                type="radio"
                                                                                value="Adopter"
                                                                />
                                                                <span>
                                                                                 Adopter 
                                                                </span>
                                                </label>
                                </p>
                </fieldset>
                <input
                                className="inputField"
                                name="description"
                                onChange={[Function]}
                                placeholder="Enter Description"
                                value=""
                />
                <input
                                className="inputField"
                                name="pic"
                                onChange={[Function]}
                                placeholder="Enter URL to image"
                                type="url"
                                value=""
                />
                <button
                                className="signinButton"
                                name="submit"
                                type="submit"
                >
                                Sign In
                </button>
</form>,
            ],
            "className": "sign-up",
          },
          "ref": null,
          "rendered": Array [
            Object {
              "instance": null,
              "key": undefined,
              "nodeType": "host",
              "props": Object {
                "children": "Sign Up",
              },
              "ref": null,
              "rendered": "Sign Up",
              "type": "h1",
            },
            Object {
              "instance": null,
              "key": undefined,
              "nodeType": "host",
              "props": Object {
                "children": Array [
                  <input
                    className="inputField"
                    name="newUsername"
                    onChange={[Function]}
                    placeholder="Choose Username"
                    type="text"
                    value=""
/>,
                  <input
                    className="inputField"
                    name="newPassword"
                    onChange={[Function]}
                    placeholder="Choose Password"
                    type="password"
                    value=""
/>,
                  <fieldset>
                    <legend>
                                        Choose Your Role
                    </legend>
                    <p>
                                        <label
                                                            htmlFor="owner"
                                        >
                                                            <input
                                                                                className="right"
                                                                                id="owner"
                                                                                name="role"
                                                                                onChange={[Function]}
                                                                                type="radio"
                                                                                value="Owner"
                                                            />
                                                            <span>
                                                                                 Owner: 
                                                            </span>
                                        </label>
                    </p>
                    <p>
                                        <label
                                                            htmlFor="adopter"
                                        >
                                                            <input
                                                                                className="right"
                                                                                id="adopter"
                                                                                name="role"
                                                                                onChange={[Function]}
                                                                                type="radio"
                                                                                value="Adopter"
                                                            />
                                                            <span>
                                                                                 Adopter 
                                                            </span>
                                        </label>
                    </p>
</fieldset>,
                  <input
                    className="inputField"
                    name="description"
                    onChange={[Function]}
                    placeholder="Enter Description"
                    value=""
/>,
                  <input
                    className="inputField"
                    name="pic"
                    onChange={[Function]}
                    placeholder="Enter URL to image"
                    type="url"
                    value=""
/>,
                  <button
                    className="signinButton"
                    name="submit"
                    type="submit"
>
                    Sign In
</button>,
                ],
                "className": "sign-up-form",
                "onSubmit": [Function],
              },
              "ref": null,
              "rendered": Array [
                Object {
                  "instance": null,
                  "key": undefined,
                  "nodeType": "host",
                  "props": Object {
                    "className": "inputField",
                    "name": "newUsername",
                    "onChange": [Function],
                    "placeholder": "Choose Username",
                    "type": "text",
                    "value": "",
                  },
                  "ref": null,
                  "rendered": null,
                  "type": "input",
                },
                Object {
                  "instance": null,
                  "key": undefined,
                  "nodeType": "host",
                  "props": Object {
                    "className": "inputField",
                    "name": "newPassword",
                    "onChange": [Function],
                    "placeholder": "Choose Password",
                    "type": "password",
                    "value": "",
                  },
                  "ref": null,
                  "rendered": null,
                  "type": "input",
                },
                Object {
                  "instance": null,
                  "key": undefined,
                  "nodeType": "host",
                  "props": Object {
                    "children": Array [
                      <legend>
                        Choose Your Role
</legend>,
                      <p>
                        <label
                                                htmlFor="owner"
                        >
                                                <input
                                                                        className="right"
                                                                        id="owner"
                                                                        name="role"
                                                                        onChange={[Function]}
                                                                        type="radio"
                                                                        value="Owner"
                                                />
                                                <span>
                                                                         Owner: 
                                                </span>
                        </label>
</p>,
                      <p>
                        <label
                                                htmlFor="adopter"
                        >
                                                <input
                                                                        className="right"
                                                                        id="adopter"
                                                                        name="role"
                                                                        onChange={[Function]}
                                                                        type="radio"
                                                                        value="Adopter"
                                                />
                                                <span>
                                                                         Adopter 
                                                </span>
                        </label>
</p>,
                    ],
                  },
                  "ref": null,
                  "rendered": Array [
                    Object {
                      "instance": null,
                      "key": undefined,
                      "nodeType": "host",
                      "props": Object {
                        "children": "Choose Your Role",
                      },
                      "ref": null,
                      "rendered": "Choose Your Role",
                      "type": "legend",
                    },
                    Object {
                      "instance": null,
                      "key": undefined,
                      "nodeType": "host",
                      "props": Object {
                        "children": <label
                          htmlFor="owner"
>
                          <input
                                                    className="right"
                                                    id="owner"
                                                    name="role"
                                                    onChange={[Function]}
                                                    type="radio"
                                                    value="Owner"
                          />
                          <span>
                                                     Owner: 
                          </span>
</label>,
                      },
                      "ref": null,
                      "rendered": Object {
                        "instance": null,
                        "key": undefined,
                        "nodeType": "host",
                        "props": Object {
                          "children": Array [
                            <input
                              className="right"
                              id="owner"
                              name="role"
                              onChange={[Function]}
                              type="radio"
                              value="Owner"
/>,
                            <span>
                               Owner: 
</span>,
                          ],
                          "htmlFor": "owner",
                        },
                        "ref": null,
                        "rendered": Array [
                          Object {
                            "instance": null,
                            "key": undefined,
                            "nodeType": "host",
                            "props": Object {
                              "className": "right",
                              "id": "owner",
                              "name": "role",
                              "onChange": [Function],
                              "type": "radio",
                              "value": "Owner",
                            },
                            "ref": null,
                            "rendered": null,
                            "type": "input",
                          },
                          Object {
                            "instance": null,
                            "key": undefined,
                            "nodeType": "host",
                            "props": Object {
                              "children": " Owner: ",
                            },
                            "ref": null,
                            "rendered": " Owner: ",
                            "type": "span",
                          },
                        ],
                        "type": "label",
                      },
                      "type": "p",
                    },
                    Object {
                      "instance": null,
                      "key": undefined,
                      "nodeType": "host",
                      "props": Object {
                        "children": <label
                          htmlFor="adopter"
>
                          <input
                                                    className="right"
                                                    id="adopter"
                                                    name="role"
                                                    onChange={[Function]}
                                                    type="radio"
                                                    value="Adopter"
                          />
                          <span>
                                                     Adopter 
                          </span>
</label>,
                      },
                      "ref": null,
                      "rendered": Object {
                        "instance": null,
                        "key": undefined,
                        "nodeType": "host",
                        "props": Object {
                          "children": Array [
                            <input
                              className="right"
                              id="adopter"
                              name="role"
                              onChange={[Function]}
                              type="radio"
                              value="Adopter"
/>,
                            <span>
                               Adopter 
</span>,
                          ],
                          "htmlFor": "adopter",
                        },
                        "ref": null,
                        "rendered": Array [
                          Object {
                            "instance": null,
                            "key": undefined,
                            "nodeType": "host",
                            "props": Object {
                              "className": "right",
                              "id": "adopter",
                              "name": "role",
                              "onChange": [Function],
                              "type": "radio",
                              "value": "Adopter",
                            },
                            "ref": null,
                            "rendered": null,
                            "type": "input",
                          },
                          Object {
                            "instance": null,
                            "key": undefined,
                            "nodeType": "host",
                            "props": Object {
                              "children": " Adopter ",
                            },
                            "ref": null,
                            "rendered": " Adopter ",
                            "type": "span",
                          },
                        ],
                        "type": "label",
                      },
                      "type": "p",
                    },
                  ],
                  "type": "fieldset",
                },
                Object {
                  "instance": null,
                  "key": undefined,
                  "nodeType": "host",
                  "props": Object {
                    "className": "inputField",
                    "name": "description",
                    "onChange": [Function],
                    "placeholder": "Enter Description",
                    "value": "",
                  },
                  "ref": null,
                  "rendered": null,
                  "type": "input",
                },
                Object {
                  "instance": null,
                  "key": undefined,
                  "nodeType": "host",
                  "props": Object {
                    "className": "inputField",
                    "name": "pic",
                    "onChange": [Function],
                    "placeholder": "Enter URL to image",
                    "type": "url",
                    "value": "",
                  },
                  "ref": null,
                  "rendered": null,
                  "type": "input",
                },
                Object {
                  "instance": null,
                  "key": undefined,
                  "nodeType": "host",
                  "props": Object {
                    "children": "Sign In",
                    "className": "signinButton",
                    "name": "submit",
                    "type": "submit",
                  },
                  "ref": null,
                  "rendered": "Sign In",
                  "type": "button",
                },
              ],
              "type": "form",
            },
          ],
          "type": "section",
        },
      ],
      "type": "div",
    },
  ],
  Symbol(enzyme.__options__): Object {
    "adapter": ReactSixteenAdapter {
      "options": Object {
        "enableComponentDidUpdateOnSetState": true,
        "lifecycles": Object {
          "componentDidUpdate": Object {
            "onSetState": true,
          },
          "getDerivedStateFromProps": true,
          "getSnapshotBeforeUpdate": true,
          "setState": Object {
            "skipsComponentDidUpdateOnNullish": true,
          },
        },
      },
    },
    "attachTo": undefined,
    "disableLifecycleMethods": true,
    "hydrateIn": undefined,
  },
}
`;
